\BOOKMARK [1][-]{section.1}{\376\377\006\063\006\044\006\047\006\104\000\040\0001\000:\000\040\006\052\006\055\006\104\006\314\006\104\000\040\006\061\006\314\006\047\006\066\006\314\000\040\006\105\006\055\006\110\006\064\006\057\006\106\000\040\006\257\006\061\006\047\006\057\006\314\006\047\006\106\000\040\006\110\000\040\006\055\006\047\006\104\006\052\000\040\006\063\006\104\006\110\006\104\006\314\000\040\006\057\006\061\000\040\000L\000S\000T\000M}{}% 1
\BOOKMARK [2][-]{subsection.1.1}{\376\377\006\050\006\056\006\064\000\040\006\047\006\104\006\101\000:\000\040\006\047\006\053\006\050\006\047\006\052\000\040\006\105\006\063\006\046\006\104\006\107\000\040\006\105\006\055\006\110\006\064\006\057\006\106\000\040\006\257\006\061\006\047\006\057\006\314\006\047\006\106\000\040\006\057\006\061\000\040\000R\000N\000N\006\107\006\047\006\314\000\040\006\047\006\063\006\052\006\047\006\106\006\057\006\047\006\061\006\057}{section.1}% 2
\BOOKMARK [2][-]{subsection.1.2}{\376\377\006\050\006\056\006\064\000\040\006\050\000:\000\040\006\105\006\064\006\052\006\102\000\040\006\055\006\047\006\104\006\052\000\040\006\063\006\104\006\110\006\104\006\314\000\040\000L\000S\000T\000M\000\040\006\110\000\040\006\251\006\047\006\107\006\064\000\040\006\105\006\063\006\046\006\104\006\107\000\040\006\105\006\055\006\110\006\064\006\057\006\106\000\040\006\257\006\061\006\047\006\057\006\314\006\047\006\106}{section.1}% 3
\BOOKMARK [1][-]{section.2}{\376\377\006\063\006\044\006\047\006\104\000\040\0002\000:\000\040\006\047\006\063\006\052\006\056\006\061\006\047\006\054\000\040\006\105\006\071\006\047\006\057\006\104\006\047\006\052\000\040\006\176\006\063\040\014\006\047\006\106\006\052\006\064\006\047\006\061\000\040\006\050\006\061\006\047\006\314\000\040\006\057\006\061\006\110\006\047\006\062\006\107\000\040\006\061\006\314\006\063\006\052\000\040\006\057\006\061\000\040\000G\000R\000U}{}% 4
\BOOKMARK [1][-]{section.3}{\376\377\006\063\006\044\006\047\006\104\000\040\0003\000:\000\040\006\176\006\314\006\047\006\057\006\107\040\014\006\063\006\047\006\062\006\314\000\040\000L\000S\000T\000M\000\040\006\050\006\047\000\040\006\057\006\061\006\110\006\047\006\062\006\107\000\040\006\110\006\061\006\110\006\057\006\314\000-\006\101\006\061\006\047\006\105\006\110\006\064\006\314\000\040\006\251\006\110\006\176\006\104\040\014\006\064\006\057\006\107\000\040\006\047\006\062\000\040\006\065\006\101\006\061\000\040\006\050\006\047\000\040\006\047\006\063\006\052\006\101\006\047\006\057\006\107\000\040\006\047\006\062\000\040\000N\000u\000m\000P\000y}{}% 5
\BOOKMARK [2][-]{subsection.3.1}{\376\377\006\050\006\056\006\064\000\040\006\047\006\104\006\101\000:\000\040\006\176\006\314\006\047\006\057\006\107\040\014\006\063\006\047\006\062\006\314\000\040\000F\000o\000r\000w\000a\000r\000d\000\040\000P\000a\000s\000s}{section.3}% 6
\BOOKMARK [2][-]{subsection.3.2}{\376\377\006\050\006\056\006\064\000\040\006\050\000:\000\040\006\251\006\047\006\061\006\050\006\061\006\057\000\040\006\061\006\110\006\314\000\040\006\314\006\251\000\040\006\063\006\061\006\314\000\040\006\062\006\105\006\047\006\106\006\314\000\040\006\105\006\065\006\106\006\110\006\071\006\314\000\040\006\110\000\040\006\052\006\055\006\104\006\314\006\104\000\040\006\056\006\061\006\110\006\054\006\314}{section.3}% 7
\BOOKMARK [1][-]{section.4}{\376\377\006\063\006\110\006\047\006\104\000\040\006\364\000:\000\040\006\176\006\314\006\047\006\057\006\107\040\014\006\063\006\047\006\062\006\314\000\040\000R\000N\000N\000\040\006\050\006\047\000\040\006\176\006\061\006\057\006\047\006\062\006\064\000\040\006\057\006\063\006\052\006\107\040\014\006\047\006\314\006\014\000\040\000C\000o\000n\000c\000a\000t\000e\000n\000a\000t\000i\000o\000n\000\040\006\110\000\040\000B\000P\000T\000T}{}% 8
\BOOKMARK [2][-]{subsection.4.1}{\376\377\006\052\006\110\006\066\006\314\006\055\000\040\006\105\006\101\006\107\006\110\006\105\006\314\000\040\006\105\006\063\006\046\006\104\006\107}{section.4}% 9
\BOOKMARK [2][-]{subsection.4.2}{\376\377\006\105\006\057\006\104\000\040\006\061\006\314\006\047\006\066\006\314\000\040\000R\000N\000N}{section.4}% 10
\BOOKMARK [2][-]{subsection.4.3}{\376\377\006\047\006\314\006\057\006\107\040\014\006\314\000\040\000C\000o\000n\000c\000a\000t\000e\000n\000a\000t\000i\000o\000n}{section.4}% 11
\BOOKMARK [2][-]{subsection.4.4}{\376\377\006\176\006\061\006\057\006\047\006\062\006\064\000\040\006\057\006\063\006\052\006\107\040\014\006\047\006\314}{section.4}% 12
\BOOKMARK [2][-]{subsection.4.5}{\376\377\006\057\006\061\000\040\006\047\006\314\006\106\000\040\006\063\006\110\006\047\006\104\000\040\006\050\006\047\006\061\006\107\006\047\000\040\006\050\006\107\000\040\006\106\006\110\006\063\006\047\006\106\000\040\006\056\006\110\006\061\006\057\006\314\006\105\000\040\006\110\000\040\000.\000.\000.}{section.4}% 13
\BOOKMARK [2][-]{subsection.4.6}{\376\377\006\052\006\047\006\050\006\071\000\040\006\107\006\062\006\314\006\106\006\107}{section.4}% 14
\BOOKMARK [2][-]{subsection.4.7}{\376\377\000B\000P\000T\000T}{section.4}% 15
\BOOKMARK [2][-]{subsection.4.8}{\376\377\000G\000r\000a\000d\000i\000e\000n\000t\000\040\000C\000l\000i\000p\000p\000i\000n\000g}{section.4}% 16
\BOOKMARK [2][-]{subsection.4.9}{\376\377\006\057\006\047\006\057\006\107\040\014\006\314\000\040\006\105\006\065\006\106\006\110\006\071\006\314\000\040\000M\000a\000n\000y\000-\000t\000o\000-\000O\000n\000e}{section.4}% 17
\BOOKMARK [2][-]{subsection.4.10}{\376\377\006\251\006\057\000\040\006\251\006\047\006\105\006\104\000\040\006\176\006\314\006\047\006\057\006\107\040\014\006\063\006\047\006\062\006\314\000\040\006\064\006\050\006\251\006\107\000\040\006\050\006\047\006\062\006\257\006\064\006\052\006\314}{section.4}% 18
\BOOKMARK [2][-]{subsection.4.11}{\376\377\006\052\006\055\006\104\006\314\006\104\000\040\006\056\006\061\006\110\006\054\006\314\040\014\006\107\006\047\006\314\000\040\006\055\006\047\006\065\006\104\000\040\006\047\006\062\000\040\006\042\006\105\006\110\006\062\006\064}{section.4}% 19
\BOOKMARK [2][-]{subsection.4.12}{\376\377\006\056\006\061\006\110\006\054\006\314\040\014\006\107\006\047\006\314\000\040\006\106\006\107\006\047\006\314\006\314\000\040\006\050\006\061\006\106\006\047\006\105\006\107}{section.4}% 20
\BOOKMARK [2][-]{subsection.4.13}{\376\377\006\054\006\105\006\071\040\014\006\050\006\106\006\057\006\314\000\040\006\106\006\107\006\047\006\314\006\314}{section.4}% 21
\BOOKMARK [1][-]{section.5}{\376\377\006\063\006\044\006\047\006\104\000\040\0005\000:\000\040\000R\000N\000N\006\107\006\047\006\314\000\040\000P\000y\000T\000o\000r\000c\000h\000:\000\040\000B\000i\000L\000S\000T\000M\000\040\006\105\006\102\006\047\006\110\006\105\000\040\006\050\006\061\006\047\006\314\000\040\006\057\006\106\006\050\006\047\006\104\006\107\040\014\006\107\006\047\006\314\000\040\006\050\006\047\000\040\006\067\006\110\006\104\000\040\006\105\006\052\006\072\006\314\006\061\000\040\006\110\000\040\006\042\006\105\006\110\006\062\006\064\000\040\006\176\006\047\006\314\006\057\006\047\006\061}{}% 22
\BOOKMARK [2][-]{subsection.5.1}{\376\377\006\105\006\102\006\057\006\105\006\107}{section.5}% 23
\BOOKMARK [2][-]{subsection.5.2}{\376\377\006\050\006\056\006\064\000\040\000\050\006\047\006\104\006\101\000\051\000:\000\040\006\105\006\057\006\314\006\061\006\314\006\052\000\040\006\057\006\106\006\050\006\047\006\104\006\107\040\014\006\107\006\047\006\314\000\040\006\050\006\047\000\040\006\067\006\110\006\104\000\040\006\105\006\052\006\072\006\314\006\061}{section.5}% 24
\BOOKMARK [3][-]{subsubsection.5.2.1}{\376\377\006\107\006\057\006\101}{subsection.5.2}% 25
\BOOKMARK [3][-]{subsubsection.5.2.2}{\376\377\006\106\006\070\006\061\006\314\006\107\000\040\006\057\006\106\006\050\006\047\006\104\006\107\040\014\006\107\006\047\006\314\000\040\000p\000a\000c\000k\000e\000d}{subsection.5.2}% 26
\BOOKMARK [3][-]{subsubsection.5.2.3}{\376\377\000L\000S\000T\000M\000\040\006\057\006\110\040\014\006\063\006\110\006\314\006\107}{subsection.5.2}% 27
\BOOKMARK [3][-]{subsubsection.5.2.4}{\376\377\006\176\006\314\006\047\006\057\006\107\040\014\006\063\006\047\006\062\006\314\000\040\000R\000o\000b\000u\000s\000t\000B\000i\000L\000S\000T\000M}{subsection.5.2}% 28
\BOOKMARK [3][-]{subsubsection.5.2.5}{\376\377\006\047\006\050\006\071\006\047\006\057\000\040\006\056\006\061\006\110\006\054\006\314}{subsection.5.2}% 29
\BOOKMARK [3][-]{subsubsection.5.2.6}{\376\377\006\052\006\047\006\050\006\071\000\040\000c\000o\000l\000l\000a\000t\000e\000\040\006\050\006\061\006\047\006\314\000\040\000p\000a\000d\000d\000i\000n\000g}{subsection.5.2}% 30
\BOOKMARK [3][-]{subsubsection.5.2.7}{\376\377\006\106\006\052\006\047\006\314\006\054\000\040\006\050\006\056\006\064\000\040\000\050\006\047\006\104\006\101\000\051}{subsection.5.2}% 31
\BOOKMARK [2][-]{subsection.5.3}{\376\377\006\050\006\056\006\064\000\040\000\050\006\050\000\051\000:\000\040\006\055\006\104\006\102\006\107\000\040\006\042\006\105\006\110\006\062\006\064\000\040\006\176\006\047\006\314\006\057\006\047\006\061\000\040\006\110\000\040\006\052\006\061\006\101\006\106\006\057\006\107\006\047}{section.5}% 32
\BOOKMARK [3][-]{subsubsection.5.3.1}{\376\377\006\107\006\057\006\101}{subsection.5.3}% 33
\BOOKMARK [3][-]{subsubsection.5.3.2}{\376\377\006\105\006\054\006\105\006\110\006\071\006\107\040\014\006\057\006\047\006\057\006\107\000\040\006\105\006\065\006\106\006\110\006\071\006\314}{subsection.5.3}% 34
\BOOKMARK [3][-]{subsubsection.5.3.3}{\376\377\006\105\006\102\006\057\006\047\006\061\006\057\006\107\006\314\000\040\006\047\006\110\006\104\006\314\006\107\000\040\006\047\006\117\006\061\006\052\006\110\006\257\006\110\006\106\006\047\006\104}{subsection.5.3}% 35
\BOOKMARK [3][-]{subsubsection.5.3.4}{\376\377\000G\000r\000a\000d\000i\000e\000n\000t\000\040\000C\000l\000i\000p\000p\000i\000n\000g}{subsection.5.3}% 36
\BOOKMARK [3][-]{subsubsection.5.3.5}{\376\377\006\105\006\057\006\314\006\061\006\314\006\052\000\040\006\055\006\047\006\104\006\052\000\040\006\176\006\106\006\107\006\047\006\106}{subsection.5.3}% 37
\BOOKMARK [3][-]{subsubsection.5.3.6}{\376\377\006\055\006\104\006\102\006\107\000\040\006\042\006\105\006\110\006\062\006\064\000\040\006\176\006\047\006\314\006\057\006\047\006\061}{subsection.5.3}% 38
\BOOKMARK [3][-]{subsubsection.5.3.7}{\376\377\006\106\006\052\006\047\006\314\006\054\000\040\006\050\006\056\006\064\000\040\000\050\006\050\000\051}{subsection.5.3}% 39
\BOOKMARK [2][-]{subsection.5.4}{\376\377\006\050\006\055\006\053}{section.5}% 40
\BOOKMARK [2][-]{subsection.5.5}{\376\377\006\106\006\052\006\314\006\054\006\107\040\014\006\257\006\314\006\061\006\314}{section.5}% 41
